// Jest Snapshot v1, https://goo.gl/fbAQLP

exports[`List Component renders the UI as epxected 1`] = `
<div
  className="List"
>
  <header
    className="List-header"
  >
    <h2>
      Any Header
    </h2>
  </header>
  <div
    className="List-cards"
  >
    <button
      className="List-add-button"
      onClick={[Function]}
      type="button"
    >
      + Add Random Card
    </button>
  </div>
</div>
`;
